// Jest Snapshot v1, https://goo.gl/fbAQLP

exports[`HorizontalStack renders default HorizontalStack correctly 1`] = `
<div
  className=
      ms-HorizontalStack
      {
        -moz-osx-font-smoothing: grayscale;
        -webkit-font-smoothing: antialiased;
        box-sizing: border-box;
        display: flex;
        flex-direction: row;
        flex-wrap: nowrap;
        font-family: 'Segoe UI', 'Segoe UI Web (West European)', 'Segoe UI', -apple-system, BlinkMacSystemFont, 'Roboto', 'Helvetica Neue', sans-serif;
        font-size: 14px;
        font-weight: 400;
        height: auto;
        width: auto;
      }
      & > * {
        text-overflow: ellipsis;
        white-space: nowrap;
      }
      & > *:not(:empty) ~ * {
        margin-left: 0px;
      }
      & > *:empty {
        display: none;
      }
      & > *:not(.ms-StackItem) {
        flex-shrink: 0;
      }
>
  <div>
    Item 1
  </div>
  <div>
    Item 2
  </div>
</div>
`;

exports[`HorizontalStack renders gap correctly 1`] = `
<div
  className=
      ms-HorizontalStack
      {
        -moz-osx-font-smoothing: grayscale;
        -webkit-font-smoothing: antialiased;
        box-sizing: border-box;
        display: flex;
        flex-direction: row;
        flex-wrap: nowrap;
        font-family: 'Segoe UI', 'Segoe UI Web (West European)', 'Segoe UI', -apple-system, BlinkMacSystemFont, 'Roboto', 'Helvetica Neue', sans-serif;
        font-size: 14px;
        font-weight: 400;
        height: auto;
        width: auto;
      }
      & > * {
        text-overflow: ellipsis;
        white-space: nowrap;
      }
      & > *:not(:empty) ~ * {
        margin-left: 5px;
      }
      & > *:empty {
        display: none;
      }
      & > *:not(.ms-StackItem) {
        flex-shrink: 0;
      }
>
  <div>
    Item 1
  </div>
  <div>
    Item 2
  </div>
</div>
`;

exports[`HorizontalStack renders growing items correctly 1`] = `
<div
  className=
      ms-HorizontalStack
      {
        -moz-osx-font-smoothing: grayscale;
        -webkit-font-smoothing: antialiased;
        box-sizing: border-box;
        display: flex;
        flex-direction: row;
        flex-wrap: nowrap;
        font-family: 'Segoe UI', 'Segoe UI Web (West European)', 'Segoe UI', -apple-system, BlinkMacSystemFont, 'Roboto', 'Helvetica Neue', sans-serif;
        font-size: 14px;
        font-weight: 400;
        height: auto;
        width: auto;
      }
      & > * {
        text-overflow: ellipsis;
        white-space: nowrap;
      }
      & > *:not(:empty) ~ * {
        margin-left: 0px;
      }
      & > *:empty {
        display: none;
      }
      & > *:not(.ms-StackItem) {
        flex-shrink: 0;
      }
>
  <span
    className=
        ms-StackItem
        {
          -moz-osx-font-smoothing: grayscale;
          -webkit-font-smoothing: antialiased;
          flex-shrink: 0;
          font-family: 'Segoe UI', 'Segoe UI Web (West European)', 'Segoe UI', -apple-system, BlinkMacSystemFont, 'Roboto', 'Helvetica Neue', sans-serif;
          font-size: 14px;
          font-weight: 400;
          height: auto;
          width: auto;
        }
  >
    Item 1
  </span>
  <span
    className=
        ms-StackItem
        {
          -moz-osx-font-smoothing: grayscale;
          -webkit-font-smoothing: antialiased;
          flex-shrink: 0;
          font-family: 'Segoe UI', 'Segoe UI Web (West European)', 'Segoe UI', -apple-system, BlinkMacSystemFont, 'Roboto', 'Helvetica Neue', sans-serif;
          font-size: 14px;
          font-weight: 400;
          height: auto;
          width: auto;
        }
  >
    Item 2
  </span>
</div>
`;

exports[`HorizontalStack renders item alignments correctly 1`] = `
<div
  className=
      ms-HorizontalStack
      {
        -moz-osx-font-smoothing: grayscale;
        -webkit-font-smoothing: antialiased;
        box-sizing: border-box;
        display: flex;
        flex-direction: row;
        flex-wrap: nowrap;
        font-family: 'Segoe UI', 'Segoe UI Web (West European)', 'Segoe UI', -apple-system, BlinkMacSystemFont, 'Roboto', 'Helvetica Neue', sans-serif;
        font-size: 14px;
        font-weight: 400;
        height: auto;
        width: auto;
      }
      & > * {
        text-overflow: ellipsis;
        white-space: nowrap;
      }
      & > *:not(:empty) ~ * {
        margin-left: 0px;
      }
      & > *:empty {
        display: none;
      }
      & > *:not(.ms-StackItem) {
        flex-shrink: 0;
      }
>
  <span
    className=
        ms-StackItem
        {
          -moz-osx-font-smoothing: grayscale;
          -webkit-font-smoothing: antialiased;
          align-self: auto;
          flex-shrink: 0;
          font-family: 'Segoe UI', 'Segoe UI Web (West European)', 'Segoe UI', -apple-system, BlinkMacSystemFont, 'Roboto', 'Helvetica Neue', sans-serif;
          font-size: 14px;
          font-weight: 400;
          height: auto;
          width: auto;
        }
  >
    Auto
  </span>
  <span
    className=
        ms-StackItem
        {
          -moz-osx-font-smoothing: grayscale;
          -webkit-font-smoothing: antialiased;
          align-self: stretch;
          flex-shrink: 0;
          font-family: 'Segoe UI', 'Segoe UI Web (West European)', 'Segoe UI', -apple-system, BlinkMacSystemFont, 'Roboto', 'Helvetica Neue', sans-serif;
          font-size: 14px;
          font-weight: 400;
          height: auto;
          width: auto;
        }
  >
    Stretch
  </span>
  <span
    className=
        ms-StackItem
        {
          -moz-osx-font-smoothing: grayscale;
          -webkit-font-smoothing: antialiased;
          align-self: baseline;
          flex-shrink: 0;
          font-family: 'Segoe UI', 'Segoe UI Web (West European)', 'Segoe UI', -apple-system, BlinkMacSystemFont, 'Roboto', 'Helvetica Neue', sans-serif;
          font-size: 14px;
          font-weight: 400;
          height: auto;
          width: auto;
        }
  >
    Baseline
  </span>
  <span
    className=
        ms-StackItem
        {
          -moz-osx-font-smoothing: grayscale;
          -webkit-font-smoothing: antialiased;
          align-self: flex-start;
          flex-shrink: 0;
          font-family: 'Segoe UI', 'Segoe UI Web (West European)', 'Segoe UI', -apple-system, BlinkMacSystemFont, 'Roboto', 'Helvetica Neue', sans-serif;
          font-size: 14px;
          font-weight: 400;
          height: auto;
          width: auto;
        }
  >
    Start
  </span>
  <span
    className=
        ms-StackItem
        {
          -moz-osx-font-smoothing: grayscale;
          -webkit-font-smoothing: antialiased;
          align-self: center;
          flex-shrink: 0;
          font-family: 'Segoe UI', 'Segoe UI Web (West European)', 'Segoe UI', -apple-system, BlinkMacSystemFont, 'Roboto', 'Helvetica Neue', sans-serif;
          font-size: 14px;
          font-weight: 400;
          height: auto;
          width: auto;
        }
  >
    Center
  </span>
  <span
    className=
        ms-StackItem
        {
          -moz-osx-font-smoothing: grayscale;
          -webkit-font-smoothing: antialiased;
          align-self: flex-end;
          flex-shrink: 0;
          font-family: 'Segoe UI', 'Segoe UI Web (West European)', 'Segoe UI', -apple-system, BlinkMacSystemFont, 'Roboto', 'Helvetica Neue', sans-serif;
          font-size: 14px;
          font-weight: 400;
          height: auto;
          width: auto;
        }
  >
    End
  </span>
</div>
`;

exports[`HorizontalStack renders shrinking items correctly 1`] = `
<div
  className=
      ms-HorizontalStack
      {
        -moz-osx-font-smoothing: grayscale;
        -webkit-font-smoothing: antialiased;
        box-sizing: border-box;
        display: flex;
        flex-direction: row;
        flex-wrap: nowrap;
        font-family: 'Segoe UI', 'Segoe UI Web (West European)', 'Segoe UI', -apple-system, BlinkMacSystemFont, 'Roboto', 'Helvetica Neue', sans-serif;
        font-size: 14px;
        font-weight: 400;
        height: auto;
        width: auto;
      }
      & > * {
        text-overflow: ellipsis;
        white-space: nowrap;
      }
      & > *:not(:empty) ~ * {
        margin-left: 0px;
      }
      & > *:empty {
        display: none;
      }
      & > *:not(.ms-StackItem) {
        flex-shrink: 1;
      }
>
  <span
    className=
        ms-StackItem
        {
          -moz-osx-font-smoothing: grayscale;
          -webkit-font-smoothing: antialiased;
          flex-shrink: 1;
          font-family: 'Segoe UI', 'Segoe UI Web (West European)', 'Segoe UI', -apple-system, BlinkMacSystemFont, 'Roboto', 'Helvetica Neue', sans-serif;
          font-size: 14px;
          font-weight: 400;
          height: auto;
          width: auto;
        }
  >
    Item 1
  </span>
  <span
    className=
        ms-StackItem
        {
          -moz-osx-font-smoothing: grayscale;
          -webkit-font-smoothing: antialiased;
          flex-shrink: 0;
          font-family: 'Segoe UI', 'Segoe UI Web (West European)', 'Segoe UI', -apple-system, BlinkMacSystemFont, 'Roboto', 'Helvetica Neue', sans-serif;
          font-size: 14px;
          font-weight: 400;
          height: auto;
          width: auto;
        }
  >
    Item 2
  </span>
</div>
`;

exports[`HorizontalStack renders wrapped HorizontalStack correctly 1`] = `
<div
  className=
      ms-HorizontalStack
      {
        -moz-osx-font-smoothing: grayscale;
        -webkit-font-smoothing: antialiased;
        display: inline-block;
        font-family: 'Segoe UI', 'Segoe UI Web (West European)', 'Segoe UI', -apple-system, BlinkMacSystemFont, 'Roboto', 'Helvetica Neue', sans-serif;
        font-size: 14px;
        font-weight: 400;
        height: auto;
        overflow: visible;
        width: auto;
      }
>
  <div
    className=
        ms-HorizontalStack-inner
        {
          -moz-osx-font-smoothing: grayscale;
          -webkit-font-smoothing: antialiased;
          box-sizing: border-box;
          display: flex;
          flex-direction: row;
          flex-wrap: wrap;
          font-family: 'Segoe UI', 'Segoe UI Web (West European)', 'Segoe UI', -apple-system, BlinkMacSystemFont, 'Roboto', 'Helvetica Neue', sans-serif;
          font-size: 14px;
          font-weight: 400;
          height: auto;
          margin-bottom: 0px;
          margin-left: 0px;
          margin-right: 0px;
          margin-top: 0px;
          max-width: 100vw;
          overflow: visible;
          width: auto;
        }
        & > * {
          margin-bottom: 0px;
          margin-left: 0px;
          margin-right: 0px;
          margin-top: 0px;
          max-width: 100%;
          text-overflow: ellipsis;
          white-space: nowrap;
        }
        & > *:empty {
          display: none;
        }
        & > *:not(.ms-StackItem) {
          flex-shrink: 0;
        }
  >
    <span
      className=
          ms-StackItem
          {
            -moz-osx-font-smoothing: grayscale;
            -webkit-font-smoothing: antialiased;
            flex-shrink: 0;
            font-family: 'Segoe UI', 'Segoe UI Web (West European)', 'Segoe UI', -apple-system, BlinkMacSystemFont, 'Roboto', 'Helvetica Neue', sans-serif;
            font-size: 14px;
            font-weight: 400;
            height: auto;
            width: auto;
          }
    >
      1
    </span>
    <span
      className=
          ms-StackItem
          {
            -moz-osx-font-smoothing: grayscale;
            -webkit-font-smoothing: antialiased;
            flex-shrink: 0;
            font-family: 'Segoe UI', 'Segoe UI Web (West European)', 'Segoe UI', -apple-system, BlinkMacSystemFont, 'Roboto', 'Helvetica Neue', sans-serif;
            font-size: 14px;
            font-weight: 400;
            height: auto;
            width: auto;
          }
    >
      2
    </span>
    <span
      className=
          ms-StackItem
          {
            -moz-osx-font-smoothing: grayscale;
            -webkit-font-smoothing: antialiased;
            flex-shrink: 0;
            font-family: 'Segoe UI', 'Segoe UI Web (West European)', 'Segoe UI', -apple-system, BlinkMacSystemFont, 'Roboto', 'Helvetica Neue', sans-serif;
            font-size: 14px;
            font-weight: 400;
            height: auto;
            width: auto;
          }
    >
      3
    </span>
  </div>
</div>
`;
