// Jest Snapshot v1, https://goo.gl/fbAQLP

exports[`example transform handles examples with class components 1`] = `
"const { SpinButton, Fabric } = window.Fabric;

    


class SpinButtonBasicExample extends React.Component<any, any> {
  public render(): JSX.Element {
    return (
      <div style={{ width: '400px' }}>
        <SpinButton
          defaultValue=\\"0\\"
          label={'Basic SpinButton:'}
          min={0}
          max={100}
          step={1}
          iconProps={{ iconName: 'IncreaseIndentLegacy' }}
          incrementButtonAriaLabel={'Increase value by 1'}
          decrementButtonAriaLabel={'Decrease value by 1'}
        />
      </div>
    );
  }
}

    ReactDOM.render(
      React.createElement(Fabric, null, React.createElement(undefined, null)),
      document.getElementById('fake')
    );
    "
`;

exports[`example transform handles examples with function components 1`] = `
"const { Label, Fabric } = window.Fabric;

    


const LabelBasicExample = () => {
  return (
    <div>
      <Label>I'm a Label</Label>
    </div>
  );
};

    ReactDOM.render(
      React.createElement(Fabric, null, React.createElement(undefined, null)),
      document.getElementById('fake')
    );
    "
`;

exports[`example transform handles transpiled examples with class components 1`] = `
"const { SpinButton, Fabric } = window.Fabric;

    var __extends = (this && this.__extends) || (function () {
    var extendStatics = function (d, b) {
        extendStatics = Object.setPrototypeOf ||
            ({ __proto__: [] } instanceof Array && function (d, b) { d.__proto__ = b; }) ||
            function (d, b) { for (var p in b) if (b.hasOwnProperty(p)) d[p] = b[p]; };
        return extendStatics(d, b);
    };
    return function (d, b) {
        extendStatics(d, b);
        function __() { this.constructor = d; }
        d.prototype = b === null ? Object.create(b) : (__.prototype = b.prototype, new __());
    };
})();


var SpinButtonBasicExample = /** @class */ (function (_super) {
    __extends(SpinButtonBasicExample, _super);
    function SpinButtonBasicExample() {
        return _super !== null && _super.apply(this, arguments) || this;
    }
    SpinButtonBasicExample.prototype.render = function () {
        return (React.createElement(\\"div\\", { style: { width: '400px' } },
            React.createElement(SpinButton, { defaultValue: \\"0\\", label: 'Basic SpinButton:', min: 0, max: 100, step: 1, iconProps: { iconName: 'IncreaseIndentLegacy' }, incrementButtonAriaLabel: 'Increase value by 1', decrementButtonAriaLabel: 'Decrease value by 1' })));
    };
    return SpinButtonBasicExample;
}(React.Component));
{ SpinButtonBasicExample };

    ReactDOM.render(
      React.createElement(Fabric, null, React.createElement(SpinButtonBasicExample, null)),
      document.getElementById('fake')
    );
    "
`;

exports[`example transform handles transpiled examples with function components 1`] = `
"const { Label, Fabric } = window.Fabric;

    

var LabelBasicExample = function () {
    return (React.createElement(\\"div\\", null,
        React.createElement(Label, null, \\"I'm a Label\\")));
};

    ReactDOM.render(
      React.createElement(Fabric, null, React.createElement(LabelBasicExample, null)),
      document.getElementById('fake')
    );
    "
`;
