// Jest Snapshot v1, https://goo.gl/fbAQLP

exports[`Link renders Link correctly 1`] = `
<a
  className=
      ms-Link
      {
        -moz-osx-font-smoothing: grayscale;
        -webkit-font-smoothing: antialiased;
        color: #0078d4;
        font-family: 'Segoe UI', 'Segoe UI Web (West European)', 'Segoe UI', -apple-system, BlinkMacSystemFont, 'Roboto', 'Helvetica Neue', sans-serif;
        font-size: inherit;
        font-weight: inherit;
        outline: none;
        text-decoration: none;
      }
      .ms-Fabric--isFocusVisible &:focus {
        outline: 1px solid #666666;
      }
      &:active, &:hover, &:active:hover {
        color: #004578;
      }
      @media screen and (-ms-high-contrast: active){&:active, &:hover, &:active:hover {
        text-decoration: underline;
      }
      &:focus {
        color: #0078d4;
      }
  href="#"
  onClick={[Function]}
>
  I'm a link
</a>
`;

exports[`Link renders Link with "as=div" a div element 1`] = `
<div
  className=
      ms-Link
      customClassName
      {
        -moz-osx-font-smoothing: grayscale;
        -webkit-font-smoothing: antialiased;
        background-color: transparent;
        background: none;
        border-bottom: 1px solid transparent;
        border: none;
        color: #0078d4;
        cursor: pointer;
        display: inline;
        font-family: 'Segoe UI', 'Segoe UI Web (West European)', 'Segoe UI', -apple-system, BlinkMacSystemFont, 'Roboto', 'Helvetica Neue', sans-serif;
        font-size: inherit;
        font-weight: inherit;
        margin-bottom: 0px;
        margin-left: 0px;
        margin-right: 0px;
        margin-top: 0px;
        outline: none;
        overflow: inherit;
        padding-bottom: 0px;
        padding-left: 0px;
        padding-right: 0px;
        padding-top: 0px;
        text-align: left;
        text-overflow: inherit;
        user-select: text;
      }
      .ms-Fabric--isFocusVisible &:focus {
        outline: 1px solid #666666;
      }
      @media screen and (-ms-high-contrast: white-on-black){& {
        color: #FFFF00;
      }
      @media screen and (-ms-high-contrast: black-on-white){& {
        color: #00009F;
      }
      @media screen and (-ms-high-contrast: active), (-ms-high-contrast: none){& {
        border-bottom: none;
      }
      &:active, &:hover, &:active:hover {
        color: #004578;
      }
      @media screen and (-ms-high-contrast: active){&:active, &:hover, &:active:hover {
        text-decoration: underline;
      }
      &:focus {
        color: #0078d4;
      }
  onClick={[Function]}
>
  I'm a div
</div>
`;

exports[`Link renders Link with a custom class name 1`] = `
<a
  className=
      ms-Link
      customClassName
      {
        -moz-osx-font-smoothing: grayscale;
        -webkit-font-smoothing: antialiased;
        color: #0078d4;
        font-family: 'Segoe UI', 'Segoe UI Web (West European)', 'Segoe UI', -apple-system, BlinkMacSystemFont, 'Roboto', 'Helvetica Neue', sans-serif;
        font-size: inherit;
        font-weight: inherit;
        outline: none;
        text-decoration: none;
      }
      .ms-Fabric--isFocusVisible &:focus {
        outline: 1px solid #666666;
      }
      &:active, &:hover, &:active:hover {
        color: #004578;
      }
      @media screen and (-ms-high-contrast: active){&:active, &:hover, &:active:hover {
        text-decoration: underline;
      }
      &:focus {
        color: #0078d4;
      }
  href="#"
  onClick={[Function]}
>
  I'm a link
</a>
`;

exports[`Link renders Link with no href as a button 1`] = `
<button
  className=
      ms-Link
      {
        -moz-osx-font-smoothing: grayscale;
        -webkit-font-smoothing: antialiased;
        background-color: transparent;
        background: none;
        border-bottom: 1px solid transparent;
        border: none;
        color: #0078d4;
        cursor: pointer;
        display: inline;
        font-family: 'Segoe UI', 'Segoe UI Web (West European)', 'Segoe UI', -apple-system, BlinkMacSystemFont, 'Roboto', 'Helvetica Neue', sans-serif;
        font-size: inherit;
        font-weight: inherit;
        margin-bottom: 0px;
        margin-left: 0px;
        margin-right: 0px;
        margin-top: 0px;
        outline: none;
        overflow: inherit;
        padding-bottom: 0px;
        padding-left: 0px;
        padding-right: 0px;
        padding-top: 0px;
        text-align: left;
        text-overflow: inherit;
        user-select: text;
      }
      .ms-Fabric--isFocusVisible &:focus {
        outline: 1px solid #666666;
      }
      @media screen and (-ms-high-contrast: white-on-black){& {
        color: #FFFF00;
      }
      @media screen and (-ms-high-contrast: black-on-white){& {
        color: #00009F;
      }
      @media screen and (-ms-high-contrast: active), (-ms-high-contrast: none){& {
        border-bottom: none;
      }
      &:active, &:hover, &:active:hover {
        color: #004578;
      }
      @media screen and (-ms-high-contrast: active){&:active, &:hover, &:active:hover {
        text-decoration: underline;
      }
      &:focus {
        color: #0078d4;
      }
  onClick={[Function]}
>
  I'm a link as a button
</button>
`;

exports[`Link renders disabled Link correctly 1`] = `
<a
  aria-disabled={true}
  className=
      ms-Link
      is-disabled
      {
        -moz-osx-font-smoothing: grayscale;
        -webkit-font-smoothing: antialiased;
        color: #a6a6a6;
        cursor: default;
        font-family: 'Segoe UI', 'Segoe UI Web (West European)', 'Segoe UI', -apple-system, BlinkMacSystemFont, 'Roboto', 'Helvetica Neue', sans-serif;
        font-size: inherit;
        font-weight: inherit;
        outline: none;
        text-decoration: none;
      }
      .ms-Fabric--isFocusVisible &:focus {
        outline: 1px solid #666666;
      }
      &:link, &:visited {
        pointer-events: none;
      }
  href="#"
  onClick={[Function]}
>
  I'm a disabled link
</a>
`;

exports[`Link renders disabled Link with no href as a button correctly 1`] = `
<button
  aria-disabled={true}
  className=
      ms-Link
      is-disabled
      {
        -moz-osx-font-smoothing: grayscale;
        -webkit-font-smoothing: antialiased;
        background-color: transparent;
        background: none;
        border-bottom: 1px solid transparent;
        border: none;
        color: #a6a6a6;
        cursor: default;
        display: inline;
        font-family: 'Segoe UI', 'Segoe UI Web (West European)', 'Segoe UI', -apple-system, BlinkMacSystemFont, 'Roboto', 'Helvetica Neue', sans-serif;
        font-size: inherit;
        font-weight: inherit;
        margin-bottom: 0px;
        margin-left: 0px;
        margin-right: 0px;
        margin-top: 0px;
        outline: none;
        overflow: inherit;
        padding-bottom: 0px;
        padding-left: 0px;
        padding-right: 0px;
        padding-top: 0px;
        text-align: left;
        text-overflow: inherit;
        user-select: text;
      }
      .ms-Fabric--isFocusVisible &:focus {
        outline: 1px solid #666666;
      }
      @media screen and (-ms-high-contrast: white-on-black){& {
        color: #FFFF00;
      }
      @media screen and (-ms-high-contrast: black-on-white){& {
        color: #00009F;
      }
      @media screen and (-ms-high-contrast: active), (-ms-high-contrast: none){& {
        border-bottom: none;
      }
      &:link, &:visited {
        pointer-events: none;
      }
  disabled={true}
  onClick={[Function]}
>
  I'm a link as a button
</button>
`;

exports[`Link supports non button/anchor html attributes when "as=" is used 1`] = `
<blockquote
  cite="hi"
  className=
      ms-Link
      customClassName
      {
        -moz-osx-font-smoothing: grayscale;
        -webkit-font-smoothing: antialiased;
        background-color: transparent;
        background: none;
        border-bottom: 1px solid transparent;
        border: none;
        color: #0078d4;
        cursor: pointer;
        display: inline;
        font-family: 'Segoe UI', 'Segoe UI Web (West European)', 'Segoe UI', -apple-system, BlinkMacSystemFont, 'Roboto', 'Helvetica Neue', sans-serif;
        font-size: inherit;
        font-weight: inherit;
        margin-bottom: 0px;
        margin-left: 0px;
        margin-right: 0px;
        margin-top: 0px;
        outline: none;
        overflow: inherit;
        padding-bottom: 0px;
        padding-left: 0px;
        padding-right: 0px;
        padding-top: 0px;
        text-align: left;
        text-overflow: inherit;
        user-select: text;
      }
      .ms-Fabric--isFocusVisible &:focus {
        outline: 1px solid #666666;
      }
      @media screen and (-ms-high-contrast: white-on-black){& {
        color: #FFFF00;
      }
      @media screen and (-ms-high-contrast: black-on-white){& {
        color: #00009F;
      }
      @media screen and (-ms-high-contrast: active), (-ms-high-contrast: none){& {
        border-bottom: none;
      }
      &:active, &:hover, &:active:hover {
        color: #004578;
      }
      @media screen and (-ms-high-contrast: active){&:active, &:hover, &:active:hover {
        text-decoration: underline;
      }
      &:focus {
        color: #0078d4;
      }
  onClick={[Function]}
>
  I'm a blockquote
</blockquote>
`;
