// Jest Snapshot v1, https://goo.gl/fbAQLP

exports[`Callout renders Callout correctly 1`] = `
<div
  className=
      ms-Callout-container
      {
        position: relative;
      }
>
  <div
    className=
        ms-Callout
        {
          -moz-osx-font-smoothing: grayscale;
          -webkit-font-smoothing: antialiased;
          border-color: #eaeaea;
          border-style: solid;
          border-width: 1px;
          box-shadow: 0 0 5px 0px rgba(0,0,0,0.4);
          box-sizing: border-box;
          font-family: 'Segoe UI', 'Segoe UI Web (West European)', 'Segoe UI', -apple-system, BlinkMacSystemFont, 'Roboto', 'Helvetica Neue', sans-serif;
          font-size: 14px;
          font-weight: 400;
          outline: transparent;
          position: absolute;
        }
        @media screen and (-ms-high-contrast: active){& {
          border-color: WindowText;
          border-style: solid;
          border-width: 1px;
        }
        &::-moz-focus-inner {
          border: 0px;
        }
    style={
      Object {
        "filter": "opacity(0)",
        "opacity": 0,
      }
    }
    tabIndex={-1}
  >
    <div
      className=
          ms-Callout-main
          {
            background-color: #ffffff;
            overflow-x: hidden;
            overflow-y: auto;
            position: relative;
          }
      onKeyDown={[Function]}
      style={
        Object {
          "maxHeight": 750,
          "overflowY": undefined,
        }
      }
    >
      Content
    </div>
  </div>
</div>
`;
